=== REGISTRATION STARTED: Sat Sep  5 07:54:57 UTC 2026 ===
============================= test session starts ==============================
platform linux -- Python 3.13.15, pytest-8.3.5, pluggy-1.6.0 -- /opt/hostedtoolcache/Python/3.13.15/x64/bin/python
cachedir: .pytest_cache
metadata: {'Python': '3.13.15', 'Platform': 'Linux-6.17.0-1022-azure-x86_64-with-glibc2.39', 'Packages': {'pytest': '8.3.5', 'pluggy': '1.6.0'}, 'Plugins': {'Faker': '40.38.0', 'rerunfailures': '16.6.1', 'metadata': '3.1.1', 'xdist': '3.8.0', 'html': '4.2.0'}, 'CI': 'true', 'JAVA_HOME': '/usr/lib/jvm/temurin-17-jdk-amd64'}
rootdir: /home/runner/work/Mocha_accounting/Mocha_accounting
configfile: pytest.ini
plugins: Faker-40.38.0, rerunfailures-16.6.1, metadata-3.1.1, xdist-3.8.0, html-4.2.0
collecting ... collected 1 item

email_automation/tests/test_registration_runner.py::test_daily_registration FAILED [100%]

=================================== FAILURES ===================================
___________________________ test_daily_registration ____________________________

email_reg_driver = <selenium.webdriver.chrome.webdriver.WebDriver (session="e4412c5e96e20679ed5c9557299858f5")>
registration_test_data = {'organization_address_city': 'Tampa', 'organization_address_country': 'United States', 'organization_address_india': 'INOX: Insignia At Epicuria', 'organization_address_nonindia': '1105 West Woodlawn Avenue Tampa, FLA, USA', ...}

    @pytest.mark.is_registration
    def test_daily_registration(email_reg_driver, registration_test_data):
        """
        Run a fresh India-based registration and save the result to
        registration_history.json.
    
        The test is skipped if an active registration already exists so that
        repeated GitHub Action triggers on the same day don't double-register.
        """
        if not _should_register():
            pytest.skip("Active registration already exists – skipping new registration.")
    
        driver = email_reg_driver
        reg = EnhancedRegistration(driver)
        login = LoginPage(driver)
        tracker = RegistrationTracker()
    
        # ── Step 1: Navigate to signup form ───────────────────────────────────
        time.sleep(5)
        reg.registration_signup_sign_up_btn()
        logger.info("Clicked Sign-up for free.")
    
        # ── Step 2: Fill personal details ─────────────────────────────────────
        reg.registration_signup_first_name(registration_test_data)
        reg.registration_signup_last_name(registration_test_data)
        unique_email = reg.registration_signup_email(registration_test_data)
        logger.info("Registered email: %s", unique_email)
    
        reg.registration_signup_phone_number_country_india(registration_test_data)
        reg.registration_signup_phone_number_india(registration_test_data)
        reg.registration_signup_agreed_to_policy_chkbx(registration_test_data)
        reg.registration_signup_submit_btn(registration_test_data)
        logger.info("Signup form submitted.")
    
        # ── Step 3: OTP verification ───────────────────────────────────────────
        time.sleep(10)
        otp = get_latest_otp_email()
        reg.registration_enter_otp(otp)
        logger.info("OTP entered: %s", otp)
        time.sleep(2)
    
        # ── Step 4: Password setup ─────────────────────────────────────────────
        reg.registration_enter_password(registration_test_data)
        reg.registration_next_btn()
        time.sleep(5)
        logger.info("Password set and Next clicked.")
    
        # ── Step 5: Login with new credentials ────────────────────────────────
        login.enter_username(unique_email)
        login.enter_password(registration_test_data["registration_password"])
        login.click_loginbutton()
        time.sleep(5)
        logger.info("Logged in successfully.")
    
        # ── Step 6: Organisation details ──────────────────────────────────────
        reg.registration_organization_details_enter_company_name(registration_test_data)
>       reg.registration_organization_address_india_inp(registration_test_data)

email_automation/tests/test_registration_runner.py:93: 
_ _ _ _ _ _ _ _ _ _ _ _ _ _ _ _ _ _ _ _ _ _ _ _ _ _ _ _ _ _ _ _ _ _ _ _ _ _ _ _ 

self = <email_automation.utils.enhanced_registration.EnhancedRegistration object at 0x7fe2058b1940>
registration_test_data = {'organization_address_city': 'Tampa', 'organization_address_country': 'United States', 'organization_address_india': 'INOX: Insignia At Epicuria', 'organization_address_nonindia': '1105 West Woodlawn Avenue Tampa, FLA, USA', ...}

    def registration_organization_address_india_inp(self,registration_test_data):
        self.actions.scroll_to_the_element(self.registration_organization_details_inp_address)
        self.actions.wait_for_element(self.registration_organization_details_inp_address)
        #self.actions.click_with_retry(self.inp_Billing)
>       self.actions.dropdown_contains(self.registration_organization_details_inp_address,self.registration_organization_details_options_address, registration_test_data["organization_address_india"] )

pages/registration.py:229: 
_ _ _ _ _ _ _ _ _ _ _ _ _ _ _ _ _ _ _ _ _ _ _ _ _ _ _ _ _ _ _ _ _ _ _ _ _ _ _ _ 

self = <actions.actions.Actions object at 0x7fe20565dbe0>
dropdown_locator = ('xpath', "//input[@placeholder='Enter a Location']")
dc_options_locator = ('xpath', '/html/body/div[2]')
value = 'INOX: Insignia At Epicuria', wait_time = 20

    def dropdown_contains(self, dropdown_locator, dc_options_locator, value, wait_time=20):
        wait = WebDriverWait(self.driver, wait_time)
        dropdown = wait.until(EC.element_to_be_clickable(dropdown_locator))
        dropdown.click()
        time.sleep(2)
        dropdown.send_keys(value)
>       wait.until(EC.visibility_of_element_located(dc_options_locator))

actions/actions.py:270: 
_ _ _ _ _ _ _ _ _ _ _ _ _ _ _ _ _ _ _ _ _ _ _ _ _ _ _ _ _ _ _ _ _ _ _ _ _ _ _ _ 

self = <selenium.webdriver.support.wait.WebDriverWait (session="e4412c5e96e20679ed5c9557299858f5")>
method = <function visibility_of_element_located.<locals>._predicate at 0x7fe204be7420>
message = ''

    def until(self, method: Callable[[D], Union[Literal[False], T]], message: str = "") -> T:
        """Wait until the method returns a value that is not False.
    
        Calls the method provided with the driver as an argument until the
        return value does not evaluate to ``False``.
    
        Parameters:
        ----------
        method: callable(WebDriver)
            - A callable object that takes a WebDriver instance as an argument.
    
        message: str
            - Optional message for :exc:`TimeoutException`
    
        Return:
        -------
        object: T
            - The result of the last call to `method`
    
        Raises:
        -------
        TimeoutException
            - If 'method' does not return a truthy value within the WebDriverWait
            object's timeout
    
        Example:
        --------
        >>> from selenium.webdriver.common.by import By
        >>> from selenium.webdriver.support.ui import WebDriverWait
        >>> from selenium.webdriver.support import expected_conditions as EC
    
        # Wait until an element is visible on the page
        >>> wait = WebDriverWait(driver, 10)
        >>> element = wait.until(EC.visibility_of_element_located((By.ID, "exampleId")))
        >>> print(element.text)
        """
        screen = None
        stacktrace = None
    
        end_time = time.monotonic() + self._timeout
        while True:
            try:
                value = method(self._driver)
                if value:
                    return value
            except self._ignored_exceptions as exc:
                screen = getattr(exc, "screen", None)
                stacktrace = getattr(exc, "stacktrace", None)
            if time.monotonic() > end_time:
                break
            time.sleep(self._poll)
>       raise TimeoutException(message, screen, stacktrace)
E       selenium.common.exceptions.TimeoutException: Message:

/opt/hostedtoolcache/Python/3.13.15/x64/lib/python3.13/site-packages/selenium/webdriver/support/wait.py:146: TimeoutException
---------------------------- Captured stderr setup -----------------------------
2026-09-05 07:54:59 [INFO] WDM — ====== WebDriver manager ======
2026-09-05 07:54:59 [INFO] WDM — Get LATEST chromedriver version for google-chrome
2026-09-05 07:54:59 [INFO] WDM — Get LATEST chromedriver version for google-chrome
2026-09-05 07:55:00 [INFO] WDM — There is no [linux64] chromedriver "152.0.7977.82" for browser google-chrome "152.0.7977" in cache
2026-09-05 07:55:00 [INFO] WDM — Get LATEST chromedriver version for google-chrome
2026-09-05 07:55:00 [INFO] WDM — WebDriver version 152.0.7977.82 selected
2026-09-05 07:55:00 [INFO] WDM — Modern chrome version https://storage.googleapis.com/chrome-for-testing-public/152.0.7977.82/linux64/chromedriver-linux64.zip
2026-09-05 07:55:00 [INFO] WDM — About to download new driver from https://storage.googleapis.com/chrome-for-testing-public/152.0.7977.82/linux64/chromedriver-linux64.zip
2026-09-05 07:55:00 [INFO] WDM — Driver downloading response is 200
2026-09-05 07:55:00 [INFO] WDM — Get LATEST chromedriver version for google-chrome
2026-09-05 07:55:00 [INFO] WDM — Driver has been saved in cache [/home/runner/.wdm/drivers/chromedriver/linux64/152.0.7977.82]
2026-09-05 07:55:05 [INFO] root — Navigated to registration URL: https://mochaaccounting.com/
----------------------------- Captured stdout call -----------------------------
Password@123
----------------------------- Captured stderr call -----------------------------
2026-09-05 07:55:17 [INFO] email_automation.tests.test_registration_runner — Clicked Sign-up for free.
2026-09-05 07:55:17 [INFO] root — Entered First Name: Automation_FN_20260905_075505
2026-09-05 07:55:19 [INFO] root — Entered Last Name: Tester_LN_20260905_075505
2026-09-05 07:55:23 [INFO] email_automation.tests.test_registration_runner — Registered email: mochaautotest+20260905_075505@gmail.com
2026-09-05 07:55:24 [INFO] email_automation.tests.test_registration_runner — Signup form submitted.
2026-09-05 07:55:34 [INFO] googleapiclient.discovery_cache — file_cache is only supported with oauth2client<4.0.0
2026-09-05 07:55:34 [INFO] root — Fetching OTP with up to 5 retries (every 20s)...
2026-09-05 07:55:35 [INFO] root — OTP extracted from subject: 565511
2026-09-05 07:55:35 [INFO] root — Using OTP: 565511
2026-09-05 07:55:35 [INFO] root — OTP submitted successfully.
2026-09-05 07:55:37 [INFO] email_automation.tests.test_registration_runner — OTP entered: 565511
2026-09-05 07:55:40 [INFO] root — Password and Confirm Password entered successfully.
2026-09-05 07:55:45 [INFO] email_automation.tests.test_registration_runner — Password set and Next clicked.
2026-09-05 07:55:51 [INFO] email_automation.tests.test_registration_runner — Logged in successfully.
------------------------------ Captured log call -------------------------------
INFO     email_automation.tests.test_registration_runner:test_registration_runner.py:57 Clicked Sign-up for free.
INFO     root:enhanced_registration.py:43 Entered First Name: Automation_FN_20260905_075505
INFO     root:enhanced_registration.py:55 Entered Last Name: Tester_LN_20260905_075505
INFO     email_automation.tests.test_registration_runner:test_registration_runner.py:63 Registered email: mochaautotest+20260905_075505@gmail.com
INFO     email_automation.tests.test_registration_runner:test_registration_runner.py:69 Signup form submitted.
INFO     googleapiclient.discovery_cache:__init__.py:49 file_cache is only supported with oauth2client<4.0.0
INFO     root:get_mail_otp.py:142 Fetching OTP with up to 5 retries (every 20s)...
INFO     root:get_mail_otp.py:79 OTP extracted from subject: 565511
INFO     root:registration.py:160 Using OTP: 565511
INFO     root:registration.py:165 OTP submitted successfully.
INFO     email_automation.tests.test_registration_runner:test_registration_runner.py:75 OTP entered: 565511
INFO     root:registration.py:182 Password and Confirm Password entered successfully.
INFO     email_automation.tests.test_registration_runner:test_registration_runner.py:82 Password set and Next clicked.
INFO     email_automation.tests.test_registration_runner:test_registration_runner.py:89 Logged in successfully.
- Generated html report: file:///home/runner/work/Mocha_accounting/Mocha_accounting/email_automation/reports/registration_2026-09-05.html -
========================= 1 failed in 74.89s (0:01:14) =========================
=== REGISTRATION COMPLETED (exit 1) ===
